           id  aaaaaaa
         slug  rich-issue
        title  Rich issue
       status  in-progress
     priority  medium
       points  3
       parent  eeeeeee
       labels  ['backend', 'urgent']
   review_url  https://example.test/pr/7
      created  2026-01-01
      started  2026-01-01
         area  core

--- body ---

# Rich issue

## Summary
<!-- What needs doing and why. For an epic, link the spec instead of re-narrating it. -->

## Acceptance criteria
- [ ]

## Notes
<!-- Context, links to files/commits, open questions, decisions. -->

