{
  "in_flight": [
    {
      "id": "bbbbbbb",
      "slug": "taken",
      "title": "Taken",
      "status": "in-review",
      "priority": "high",
      "points": 1,
      "parent": null,
      "labels": [],
      "depends_on": [],
      "spec": null,
      "review_url": "https://example.com/pr/1",
      "created": "2026-01-01T00:00:00Z",
      "started": "2026-01-01T00:00:00Z",
      "closed": null,
      "resolution": null,
      "manual_status": false
    }
  ],
  "ready": [
    {
      "id": "aaaaaaa",
      "slug": "free",
      "title": "Free",
      "status": "backlog",
      "priority": "urgent",
      "points": 1,
      "parent": null,
      "labels": [],
      "depends_on": [],
      "spec": null,
      "review_url": null,
      "created": "2026-01-01T00:00:00Z",
      "started": null,
      "closed": null,
      "resolution": null,
      "manual_status": false
    }
  ]
}
