{
  "requires": [
    {
      "id": "aaaaaaa",
      "slug": "base",
      "title": "Base",
      "status": "backlog",
      "priority": "medium",
      "points": 1,
      "parent": null,
      "labels": [],
      "depends_on": [],
      "spec": null,
      "review_url": null,
      "created": "2026-01-01T00:00:00Z",
      "started": null,
      "closed": null,
      "resolution": null,
      "manual_status": false
    }
  ],
  "blocks": [
    {
      "id": "ccccccc",
      "slug": "top",
      "title": "Top",
      "status": "backlog",
      "priority": "medium",
      "points": 1,
      "parent": null,
      "labels": [],
      "depends_on": [
        "bbbbbbb"
      ],
      "spec": null,
      "review_url": null,
      "created": "2026-01-01T00:00:00Z",
      "started": null,
      "closed": null,
      "resolution": null,
      "manual_status": false
    }
  ]
}
